// Jest Snapshot v1, https://goo.gl/fbAQLP

exports[`Button component when the button is clicked the menu is opened 1`] = `<Button />`;
