// Jest Snapshot v1, https://goo.gl/fbAQLP

exports[`Menu component when the Menu is clicked the Modal is opened 1`] = `<Menu />`;
