// Jest Snapshot v1, https://goo.gl/fbAQLP

exports[`Content component when the Content is clicked the Modal is opened 1`] = `<Content />`;
