// Jest Snapshot v1, https://goo.gl/fbAQLP

exports[`Cards component when the Cards is clicked the Modal is opened 1`] = `<Cards />`;
